v1: [0.000000, 0.000000, -32.000000]
v2: [0.000000, 20.000000, -32.000000]
Normal: [1.000000, 0.000000, 0.000000]
v1: [0.000000, 20.000000, -32.000000]
v2: [0.000000, 20.000000, 0.000000]
Normal: [1.000000, -0.000000, 0.000000]
v1: [20.000000, 0.000000, 0.000000]
v2: [20.000000, 20.000000, 0.000000]
Normal: [0.000000, 0.000000, 1.000000]
v1: [20.000000, 20.000000, 0.000000]
v2: [0.000000, 20.000000, 0.000000]
Normal: [0.000000, 0.000000, 1.000000]
v1: [0.000000, 20.000000, 32.000000]
v2: [0.000000, 20.000000, 0.000000]
Normal: [-1.000000, 0.000000, 0.000000]
v1: [0.000000, 0.000000, 32.000000]
v2: [0.000000, 20.000000, 32.000000]
Normal: [-1.000000, 0.000000, 0.000000]
v1: [20.000000, 0.000000, 32.000000]
v2: [0.000000, 0.000000, 32.000000]
Normal: [0.000000, -1.000000, 0.000000]
v1: [20.000000, 0.000000, 0.000000]
v2: [20.000000, 0.000000, 32.000000]
Normal: [0.000000, -1.000000, 0.000000]
v1: [20.000000, 0.000000, -32.000000]
v2: [0.000000, 0.000000, -32.000000]
Normal: [0.000000, 1.000000, 0.000000]
v1: [20.000000, 0.000000, 0.000000]
v2: [20.000000, 0.000000, -32.000000]
Normal: [-0.000000, 1.000000, 0.000000]
v1: [20.000000, 20.000000, 0.000000]
v2: [0.000000, 20.000000, 0.000000]
Normal: [0.000000, 0.000000, 1.000000]
v1: [20.000000, 0.000000, 0.000000]
v2: [20.000000, 20.000000, 0.000000]
Normal: [0.000000, 0.000000, 1.000000]
v1: [-10.000000, 0.000000, 0.000000]
v2: [-10.000000, 0.000000, -6.000000]
Normal: [-0.000000, -1.000000, 0.000000]
v1: [0.000000, 0.000000, 6.000000]
v2: [-10.000000, 0.000000, 0.000000]
Normal: [0.000000, -1.000000, 0.000000]
q_size = 416 vs 4096
sizeof(Task) = 48
Init queue, i=0, size=416
Queue size: 32
Queue lists: 19968
Blocks: 2, ThreadPerBlock: 128
Int: 4
0.00 0.00 0.00 0.25 0.21 0.06 0.35 0.25 0.25 0.40 0.00 0.00 0.23 0.14 0.14 0.11 0.02 0.02 0.20 0.00 0.00 0.48 0.23 0.23 0.19 0.26 0.19 0.21 0.06 0.01 0.15 0.11 0.09 0.11 0.16 0.11 0.19 0.18 0.14 0.04 0.15 0.02 0.07 0.21 0.06 0.13 0.22 0.13 
0.24 0.00 0.00 0.01 0.00 0.00 0.14 0.29 0.14 0.24 0.23 0.23 0.18 0.08 0.03 0.43 0.25 0.25 0.29 0.29 0.29 0.42 0.42 0.42 0.03 0.08 0.03 0.12 0.43 0.12 0.24 0.24 0.24 0.17 0.13 0.00 0.22 0.21 0.21 0.11 0.13 0.11 0.05 0.22 0.05 0.00 0.15 0.00 
0.11 0.00 0.00 0.36 0.00 0.00 0.10 0.00 0.00 0.06 0.06 0.06 0.05 0.00 0.00 1.00 1.00 1.00 1.00 1.00 1.00 1.00 1.00 1.00 1.00 1.00 1.00 1.00 1.00 1.00 1.00 1.00 1.00 1.00 1.00 1.00 0.00 0.41 0.00 0.07 0.18 0.01 0.00 0.09 0.00 0.00 0.16 0.00 
0.23 0.00 0.00 0.21 0.00 0.00 0.19 0.00 0.00 0.01 0.00 0.00 0.05 0.03 0.01 0.31 0.25 0.25 0.37 0.37 0.37 0.25 0.17 0.17 0.32 0.29 0.25 0.24 0.15 0.15 0.26 0.26 0.26 0.10 0.05 0.05 0.42 0.42 0.42 0.00 0.07 0.00 0.00 0.17 0.00 0.00 0.34 0.00 
0.19 0.00 0.00 0.19 0.00 0.00 0.34 0.00 0.00 0.15 0.00 0.00 0.33 0.08 0.08 0.39 0.36 0.36 0.32 0.32 0.32 0.27 0.35 0.27 0.07 0.09 0.07 0.06 0.08 0.06 0.23 0.10 0.09 0.25 0.12 0.12 0.04 0.12 0.04 0.00 0.28 0.00 0.00 0.21 0.00 0.00 0.23 0.00 
0.22 0.00 0.00 0.15 0.00 0.00 0.30 0.00 0.00 0.27 0.00 0.00 0.07 0.19 0.02 0.44 0.55 0.39 0.18 0.05 0.05 0.18 0.12 0.09 0.30 0.28 0.28 0.05 0.03 0.03 0.16 0.16 0.16 0.16 0.16 0.16 0.14 0.23 0.14 0.00 0.25 0.00 0.00 0.26 0.00 0.00 0.25 0.00 
0.17 0.00 0.00 0.13 0.00 0.00 0.21 0.00 0.00 0.12 0.00 0.00 0.50 0.29 0.24 0.28 0.01 0.01 0.17 0.15 0.01 0.19 0.21 0.17 0.03 0.11 0.03 0.13 0.13 0.13 0.23 0.07 0.06 0.14 0.19 0.13 0.18 0.20 0.00 0.00 0.03 0.00 0.00 0.07 0.00 0.00 0.21 0.00 
0.29 0.00 0.00 0.24 0.00 0.00 0.31 0.00 0.00 0.17 0.00 0.00 0.26 0.37 0.26 0.09 0.00 0.00 0.30 0.24 0.24 0.41 0.55 0.37 0.01 0.07 0.01 0.04 0.00 0.00 0.34 0.16 0.14 0.17 0.05 0.00 0.32 0.39 0.32 0.00 0.42 0.00 0.00 0.36 0.00 0.00 0.19 0.00 
0.12 0.00 0.00 0.27 0.00 0.00 0.25 0.00 0.00 0.22 0.00 0.00 0.36 0.35 0.35 0.52 0.48 0.48 0.60 0.60 0.60 0.15 0.18 0.06 0.16 0.28 0.16 0.35 0.13 0.08 0.11 0.15 0.10 0.59 0.38 0.38 0.25 0.06 0.00 0.00 0.29 0.00 0.00 0.21 0.00 0.00 0.49 0.00 
0.23 0.00 0.00 0.24 0.00 0.00 0.22 0.00 0.00 0.04 0.00 0.00 0.55 0.29 0.24 0.15 0.12 0.11 0.30 0.36 0.26 0.29 0.29 0.29 0.36 0.35 0.17 0.14 0.13 0.00 0.16 0.22 0.12 0.20 0.12 0.03 0.01 0.11 0.01 0.00 0.25 0.00 0.00 0.18 0.00 0.00 0.52 0.00 
0.16 0.00 0.00 0.07 0.00 0.00 0.21 0.00 0.00 0.21 0.00 0.00 0.31 0.30 0.30 0.31 0.32 0.24 0.31 0.09 0.00 0.33 0.33 0.33 0.41 0.34 0.34 0.03 0.18 0.03 0.02 0.24 0.02 0.40 0.49 0.40 0.00 0.24 0.00 0.00 0.08 0.00 0.00 0.25 0.00 0.00 0.14 0.00 
0.15 0.00 0.00 0.22 0.00 0.00 0.07 0.00 0.00 0.30 0.00 0.00 0.18 0.20 0.18 0.26 0.26 0.26 0.25 0.29 0.25 0.32 0.30 0.24 0.29 0.34 0.29 0.17 0.03 0.03 0.25 0.16 0.13 0.11 0.18 0.02 0.25 0.43 0.25 0.00 0.18 0.00 0.00 0.14 0.00 0.00 0.26 0.00 
0.06 0.00 0.00 0.09 0.00 0.00 0.44 0.00 0.00 0.13 0.00 0.00 0.05 0.02 0.01 0.36 0.29 0.29 0.17 0.14 0.14 0.21 0.21 0.21 0.06 0.19 0.06 0.28 0.28 0.28 0.01 0.09 0.01 0.22 0.22 0.22 0.17 0.15 0.12 0.00 0.03 0.00 0.00 0.18 0.00 0.00 0.12 0.00 
0.14 0.00 0.00 0.24 0.00 0.00 0.15 0.00 0.00 0.01 0.00 0.00 0.27 0.10 0.08 0.47 0.47 0.47 0.08 0.06 0.06 0.19 0.01 0.01 0.46 0.25 0.25 0.13 0.05 0.00 0.17 0.17 0.17 0.04 0.03 0.03 0.31 0.31 0.31 0.00 0.00 0.00 0.00 0.21 0.00 0.00 0.39 0.00 
0.30 0.00 0.00 0.18 0.00 0.00 0.13 0.00 0.00 0.22 0.08 0.08 0.46 0.11 0.11 0.36 0.36 0.36 0.00 0.26 0.00 0.17 0.23 0.09 0.04 0.05 0.01 0.13 0.16 0.13 0.11 0.16 0.11 0.39 0.43 0.39 0.00 0.25 0.00 0.13 0.24 0.11 0.00 0.00 0.00 0.00 0.05 0.00 
0.37 0.00 0.00 0.24 0.00 0.00 0.30 0.25 0.25 0.54 0.54 0.54 0.20 0.17 0.14 0.05 0.12 0.00 0.09 0.00 0.00 0.26 0.21 0.21 0.10 0.22 0.00 0.10 0.05 0.03 0.22 0.23 0.17 0.09 0.16 0.00 0.20 0.11 0.00 0.22 0.25 0.18 0.22 0.16 0.10 0.00 0.08 0.00 
========= CUDA-MEMCHECK
========= ERROR SUMMARY: 0 errors
